[
    "/jcr:content/root/responsivegrid/demo_944707749/component/accordion",
    "/jcr:content/root/responsivegrid/demo_397543166/component/accordion",
    "/jcr:content/root/responsivegrid/demo_397543170/component/accordion",
    "/jcr:content/root/responsivegrid/demo_397543190/component/accordion",
    "/jcr:content/root/responsivegrid/demo_397543144/component/accordion",
    "/jcr:content/root/responsivegrid/demo_275095838/component/accordion"
]
