[
    "/jcr:content/root/responsivegrid/title_153929501",
    "/jcr:content/root/responsivegrid/title_290384408",
    "/jcr:content/root/responsivegrid/title_837382079",
    "/jcr:content/root/responsivegrid/title_466227129",
    "/jcr:content/root/responsivegrid/title_466227128",
    "/jcr:content/root/responsivegrid/title_466227180",
    "/jcr:content/root/responsivegrid/title_361068649"
]
