[
    "Standard",
    "Sample Content",
    "Expanded Item",
    "Expanded Items",
    "Single Expansion",
    "Nested"
]
