["Standard", "Title Text", "Heading Type", "Linked"]
